// Jest Snapshot v1, https://goo.gl/fbAQLP

exports[`Header runs as expected 1`] = `
Object {
  "asFragment": [Function],
  "baseElement": <body>
    <div>
      <header>
        <div
          class="header_content"
        >
          <div
            class="header_side"
          >
            <div
              class="logo"
            >
              FUNNY MOVIES
            </div>
          </div>
          <div
            class="header_side"
          >
            <div
              class="signin"
            >
              <div>
                <input
                  autocomplete="email"
                  class="input"
                  id="email"
                  name="email"
                  placeholder="Email"
                  type="text"
                  value=""
                />
              </div>
              <div>
                <input
                  autocomplete="new-password"
                  class="input"
                  id="password"
                  name="password"
                  placeholder="Password"
                  type="password"
                  value=""
                />
              </div>
              <div
                class="submit"
              >
                <button
                  aria-label="login"
                  class="btn"
                  disabled=""
                  name="btn_login"
                  tabindex="0"
                >
                  Login
                </button>
              </div>
              <div
                class="submit"
              >
                <button
                  aria-label="register"
                  class="btn"
                  disabled=""
                  name="btn-register"
                  tabindex="0"
                >
                  Register
                </button>
              </div>
            </div>
          </div>
        </div>
      </header>
    </div>
  </body>,
  "container": <div>
    <header>
      <div
        class="header_content"
      >
        <div
          class="header_side"
        >
          <div
            class="logo"
          >
            FUNNY MOVIES
          </div>
        </div>
        <div
          class="header_side"
        >
          <div
            class="signin"
          >
            <div>
              <input
                autocomplete="email"
                class="input"
                id="email"
                name="email"
                placeholder="Email"
                type="text"
                value=""
              />
            </div>
            <div>
              <input
                autocomplete="new-password"
                class="input"
                id="password"
                name="password"
                placeholder="Password"
                type="password"
                value=""
              />
            </div>
            <div
              class="submit"
            >
              <button
                aria-label="login"
                class="btn"
                disabled=""
                name="btn_login"
                tabindex="0"
              >
                Login
              </button>
            </div>
            <div
              class="submit"
            >
              <button
                aria-label="register"
                class="btn"
                disabled=""
                name="btn-register"
                tabindex="0"
              >
                Register
              </button>
            </div>
          </div>
        </div>
      </div>
    </header>
  </div>,
  "debug": [Function],
  "findAllByAltText": [Function],
  "findAllByDisplayValue": [Function],
  "findAllByLabelText": [Function],
  "findAllByPlaceholderText": [Function],
  "findAllByRole": [Function],
  "findAllByTestId": [Function],
  "findAllByText": [Function],
  "findAllByTitle": [Function],
  "findByAltText": [Function],
  "findByDisplayValue": [Function],
  "findByLabelText": [Function],
  "findByPlaceholderText": [Function],
  "findByRole": [Function],
  "findByTestId": [Function],
  "findByText": [Function],
  "findByTitle": [Function],
  "getAllByAltText": [Function],
  "getAllByDisplayValue": [Function],
  "getAllByLabelText": [Function],
  "getAllByPlaceholderText": [Function],
  "getAllByRole": [Function],
  "getAllByTestId": [Function],
  "getAllByText": [Function],
  "getAllByTitle": [Function],
  "getByAltText": [Function],
  "getByDisplayValue": [Function],
  "getByLabelText": [Function],
  "getByPlaceholderText": [Function],
  "getByRole": [Function],
  "getByTestId": [Function],
  "getByText": [Function],
  "getByTitle": [Function],
  "queryAllByAltText": [Function],
  "queryAllByDisplayValue": [Function],
  "queryAllByLabelText": [Function],
  "queryAllByPlaceholderText": [Function],
  "queryAllByRole": [Function],
  "queryAllByTestId": [Function],
  "queryAllByText": [Function],
  "queryAllByTitle": [Function],
  "queryByAltText": [Function],
  "queryByDisplayValue": [Function],
  "queryByLabelText": [Function],
  "queryByPlaceholderText": [Function],
  "queryByRole": [Function],
  "queryByTestId": [Function],
  "queryByText": [Function],
  "queryByTitle": [Function],
  "rerender": [Function],
  "unmount": [Function],
}
`;
